[2026-08-11 04:52:35,789] 5b87649da1ab/INFO/locust.main: Starting Locust 2.46.3
[2026-08-11 04:52:35,794] 5b87649da1ab/INFO/locust.main: Run time limit set to 120 seconds
Type     Name                                                                          # reqs      # fails |    Avg     Min     Max    Med |   req/s  failures/s
--------|----------------------------------------------------------------------------|-------|-------------|-------|-------|-------|-------|--------|-----------
--------|----------------------------------------------------------------------------|-------|-------------|-------|-------|-------|-------|--------|-----------
         Aggregated                                                                         0     0(0.00%) |      0       0       0      0 |    0.00        0.00

[2026-08-11 04:52:35,805] 5b87649da1ab/INFO/locust.runners: Ramping to 10 users at a rate of 10.00 per second
[2026-08-11 04:52:35,806] 5b87649da1ab/INFO/locust.runners: All users spawned: {"Shopper": 10} (10 total users)
Type     Name                                                                          # reqs      # fails |    Avg     Min     Max    Med |   req/s  failures/s
--------|----------------------------------------------------------------------------|-------|-------------|-------|-------|-------|-------|--------|-----------
--------|----------------------------------------------------------------------------|-------|-------------|-------|-------|-------|-------|--------|-----------
         Aggregated                                                                         0     0(0.00%) |      0       0       0      0 |    0.00        0.00

Type     Name                                                                          # reqs      # fails |    Avg     Min     Max    Med |   req/s  failures/s
--------|----------------------------------------------------------------------------|-------|-------------|-------|-------|-------|-------|--------|-----------
GET      //                                                                                 6   6(100.00%) |   3070    3066    3075   3075 |    0.00        0.00
--------|----------------------------------------------------------------------------|-------|-------------|-------|-------|-------|-------|--------|-----------
         Aggregated                                                                         6   6(100.00%) |   3070    3066    3075   3075 |    0.00        0.00

Type     Name                                                                          # reqs      # fails |    Avg     Min     Max    Med |   req/s  failures/s
--------|----------------------------------------------------------------------------|-------|-------------|-------|-------|-------|-------|--------|-----------
GET      //                                                                                 6   6(100.00%) |   3070    3066    3075   3075 |    0.00        0.00
--------|----------------------------------------------------------------------------|-------|-------------|-------|-------|-------|-------|--------|-----------
         Aggregated                                                                         6   6(100.00%) |   3070    3066    3075   3075 |    0.00        0.00

Type     Name                                                                          # reqs      # fails |    Avg     Min     Max    Med |   req/s  failures/s
--------|----------------------------------------------------------------------------|-------|-------------|-------|-------|-------|-------|--------|-----------
GET      //                                                                                 9   9(100.00%) |   4093    3066    6139   3100 |    1.50        1.50
--------|----------------------------------------------------------------------------|-------|-------------|-------|-------|-------|-------|--------|-----------
         Aggregated                                                                         9   9(100.00%) |   4093    3066    6139   3100 |    1.50        1.50

Type     Name                                                                          # reqs      # fails |    Avg     Min     Max    Med |   req/s  failures/s
--------|----------------------------------------------------------------------------|-------|-------------|-------|-------|-------|-------|--------|-----------
GET      //                                                                                 9   9(100.00%) |   4093    3066    6139   3100 |    1.12        1.12
GET      /catalogue                                                                         3   3(100.00%) |   6138    6134    6144   6134 |    0.00        0.00
--------|----------------------------------------------------------------------------|-------|-------------|-------|-------|-------|-------|--------|-----------
         Aggregated                                                                        12  12(100.00%) |   4604    3066    6144   3100 |    1.12        1.12

Type     Name                                                                          # reqs      # fails |    Avg     Min     Max    Med |   req/s  failures/s
--------|----------------------------------------------------------------------------|-------|-------------|-------|-------|-------|-------|--------|-----------
GET      //                                                                                 9   9(100.00%) |   4093    3066    6139   3100 |    1.12        1.12
GET      /catalogue                                                                         3   3(100.00%) |   6138    6134    6144   6134 |    0.00        0.00
--------|----------------------------------------------------------------------------|-------|-------------|-------|-------|-------|-------|--------|-----------
         Aggregated                                                                        12  12(100.00%) |   4604    3066    6144   3100 |    1.12        1.12

Type     Name                                                                          # reqs      # fails |    Avg     Min     Max    Med |   req/s  failures/s
--------|----------------------------------------------------------------------------|-------|-------------|-------|-------|-------|-------|--------|-----------
GET      //                                                                                 9   9(100.00%) |   4093    3066    6139   3100 |    0.90        0.90
GET      /catalogue                                                                         6   6(100.00%) |   6141    6134    6144   6134 |    0.30        0.30
--------|----------------------------------------------------------------------------|-------|-------------|-------|-------|-------|-------|--------|-----------
         Aggregated                                                                        15  15(100.00%) |   4912    3066    6144   6100 |    1.20        1.20

Type     Name                                                                          # reqs      # fails |    Avg     Min     Max    Med |   req/s  failures/s
--------|----------------------------------------------------------------------------|-------|-------------|-------|-------|-------|-------|--------|-----------
GET      //                                                                                 9   9(100.00%) |   4093    3066    6139   3100 |    0.30        0.30
GET      /catalogue                                                                         7   7(100.00%) |   6141    6134    6144   6134 |    0.60        0.60
GET      /product/[id]                                                                      2   2(100.00%) |   6143    6143    6143   6143 |    0.00        0.00
--------|----------------------------------------------------------------------------|-------|-------------|-------|-------|-------|-------|--------|-----------
         Aggregated                                                                        18  18(100.00%) |   5117    3066    6144   6100 |    0.90        0.90

Type     Name                                                                          # reqs      # fails |    Avg     Min     Max    Med |   req/s  failures/s
--------|----------------------------------------------------------------------------|-------|-------------|-------|-------|-------|-------|--------|-----------
GET      //                                                                                 9   9(100.00%) |   4093    3066    6139   3100 |    0.30        0.30
GET      /catalogue                                                                         7   7(100.00%) |   6141    6134    6144   6134 |    0.60        0.60
GET      /product/[id]                                                                      2   2(100.00%) |   6143    6143    6143   6143 |    0.00        0.00
--------|----------------------------------------------------------------------------|-------|-------------|-------|-------|-------|-------|--------|-----------
         Aggregated                                                                        18  18(100.00%) |   5117    3066    6144   6100 |    0.90        0.90

Type     Name                                                                          # reqs      # fails |    Avg     Min     Max    Med |   req/s  failures/s
--------|----------------------------------------------------------------------------|-------|-------------|-------|-------|-------|-------|--------|-----------
GET      //                                                                                 9   9(100.00%) |   4093    3066    6139   3100 |    0.00        0.00
GET      /catalogue                                                                        10  10(100.00%) |   6142    6134    6144   6134 |    0.70        0.70
GET      /product/[id]                                                                      2   2(100.00%) |   6143    6143    6143   6143 |    0.20        0.20
--------|----------------------------------------------------------------------------|-------|-------------|-------|-------|-------|-------|--------|-----------
         Aggregated                                                                        21  21(100.00%) |   5264    3066    6144   6100 |    0.90        0.90

Type     Name                                                                          # reqs      # fails |    Avg     Min     Max    Med |   req/s  failures/s
--------|----------------------------------------------------------------------------|-------|-------------|-------|-------|-------|-------|--------|-----------
GET      //                                                                                 9   9(100.00%) |   4093    3066    6139   3100 |    0.00        0.00
GET      /catalogue                                                                        17  17(100.00%) |   4156       1    6144   6100 |    0.70        0.70
POST     /checkout                                                                          1   1(100.00%) |      1       1       1      1 |    0.00        0.00
GET      /product/[id]                                                                      6   6(100.00%) |   2390       0    6143      3 |    0.20        0.20
GET      /static                                                                           18  18(100.00%) |    571       0    5125      2 |    0.00        0.00
--------|----------------------------------------------------------------------------|-------|-------------|-------|-------|-------|-------|--------|-----------
         Aggregated                                                                        51  51(100.00%) |   2590       0    6144   2100 |    0.90        0.90

Type     Name                                                                          # reqs      # fails |    Avg     Min     Max    Med |   req/s  failures/s
--------|----------------------------------------------------------------------------|-------|-------------|-------|-------|-------|-------|--------|-----------
GET      //                                                                                 9   9(100.00%) |   4093    3066    6139   3100 |    0.00        0.00
GET      /catalogue                                                                        29  29(100.00%) |   4443       0   19396   2100 |    1.40        1.40
POST     /checkout                                                                          3   3(100.00%) |      0       0       1      1 |    0.10        0.10
GET      /product/[id]                                                                     12  12(100.00%) |   1195       0    6143      1 |    0.60        0.60
GET      /static                                                                           36  36(100.00%) |    286       0    5125      1 |    1.80        1.80
--------|----------------------------------------------------------------------------|-------|-------------|-------|-------|-------|-------|--------|-----------
         Aggregated                                                                        89  89(100.00%) |   2138       0   19396      2 |    3.90        3.90

Type     Name                                                                          # reqs      # fails |    Avg     Min     Max    Med |   req/s  failures/s
--------|----------------------------------------------------------------------------|-------|-------------|-------|-------|-------|-------|--------|-----------
GET      //                                                                                 9   9(100.00%) |   4093    3066    6139   3100 |    0.00        0.00
GET      /catalogue                                                                        34  34(100.00%) |   3790       0   19396      3 |    1.70        1.70
POST     /checkout                                                                          3   3(100.00%) |      0       0       1      1 |    0.30        0.30
GET      /product/[id]                                                                     13  13(100.00%) |   1103       0    6143      1 |    1.00        1.00
GET      /static                                                                           39  39(100.00%) |    264       0    5125      1 |    3.00        3.00
--------|----------------------------------------------------------------------------|-------|-------------|-------|-------|-------|-------|--------|-----------
         Aggregated                                                                        98  98(100.00%) |   1942       0   19396      1 |    6.00        6.00

Type     Name                                                                          # reqs      # fails |    Avg     Min     Max    Med |   req/s  failures/s
--------|----------------------------------------------------------------------------|-------|-------------|-------|-------|-------|-------|--------|-----------
GET      //                                                                                 9   9(100.00%) |   4093    3066    6139   3100 |    0.00        0.00
GET      /catalogue                                                                        38  38(100.00%) |   3391       0   19396      2 |    2.30        2.30
POST     /checkout                                                                          4   4(100.00%) |      0       0       1      0 |    0.30        0.30
GET      /product/[id]                                                                     15  15(100.00%) |    956       0    6143      1 |    1.20        1.20
GET      /static                                                                           45  45(100.00%) |    228       0    5125      1 |    3.60        3.60
--------|----------------------------------------------------------------------------|-------|-------------|-------|-------|-------|-------|--------|-----------
         Aggregated                                                                       111 111(100.00%) |   1714       0   19396      1 |    7.40        7.40

Type     Name                                                                          # reqs      # fails |    Avg     Min     Max    Med |   req/s  failures/s
--------|----------------------------------------------------------------------------|-------|-------------|-------|-------|-------|-------|--------|-----------
GET      //                                                                                 9   9(100.00%) |   4093    3066    6139   3100 |    0.00        0.00
GET      /catalogue                                                                        46  46(100.00%) |   2801       0   19396      1 |    3.00        3.00
POST     /checkout                                                                          5   5(100.00%) |      0       0       1      0 |    0.30        0.30
GET      /product/[id]                                                                     19  19(100.00%) |    755       0    6143      1 |    1.20        1.20
GET      /static                                                                           57  57(100.00%) |    180       0    5125      0 |    4.20        4.20
--------|----------------------------------------------------------------------------|-------|-------------|-------|-------|-------|-------|--------|-----------
         Aggregated                                                                       136 136(100.00%) |   1399       0   19396      1 |    8.70        8.70

Type     Name                                                                          # reqs      # fails |    Avg     Min     Max    Med |   req/s  failures/s
--------|----------------------------------------------------------------------------|-------|-------------|-------|-------|-------|-------|--------|-----------
GET      //                                                                                 9   9(100.00%) |   4093    3066    6139   3100 |    0.00        0.00
GET      /catalogue                                                                        57  57(100.00%) |   2260       0   19396      1 |    3.30        3.30
POST     /checkout                                                                          6   6(100.00%) |      0       0       1      0 |    0.50        0.50
GET      /product/[id]                                                                     23  23(100.00%) |    624       0    6143      1 |    1.50        1.50
GET      /static                                                                           69  69(100.00%) |    149       0    5125      0 |    5.10        5.10
--------|----------------------------------------------------------------------------|-------|-------------|-------|-------|-------|-------|--------|-----------
         Aggregated                                                                       164 164(100.00%) |   1160       0   19396      1 |   10.40       10.40

Type     Name                                                                          # reqs      # fails |    Avg     Min     Max    Med |   req/s  failures/s
--------|----------------------------------------------------------------------------|-------|-------------|-------|-------|-------|-------|--------|-----------
GET      //                                                                                 9   9(100.00%) |   4093    3066    6139   3100 |    0.00        0.00
GET      /catalogue                                                                        62  62(100.00%) |   2078       0   19396      1 |    3.50        3.50
POST     /checkout                                                                          6   6(100.00%) |      0       0       1      0 |    0.40        0.40
GET      /product/[id]                                                                     26  26(100.00%) |    552       0    6143      1 |    1.60        1.60
GET      /static                                                                           78  78(100.00%) |    132       0    5125      0 |    4.80        4.80
--------|----------------------------------------------------------------------------|-------|-------------|-------|-------|-------|-------|--------|-----------
         Aggregated                                                                       181 181(100.00%) |   1051       0   19396      1 |   10.30       10.30

Type     Name                                                                          # reqs      # fails |    Avg     Min     Max    Med |   req/s  failures/s
--------|----------------------------------------------------------------------------|-------|-------------|-------|-------|-------|-------|--------|-----------
GET      //                                                                                10  10(100.00%) |   7235    3066   35517   3100 |    0.00        0.00
GET      /catalogue                                                                        68  68(100.00%) |   1895       0   19396      1 |    3.60        3.60
POST     /checkout                                                                          6   6(100.00%) |      0       0       1      0 |    0.30        0.30
GET      /product/[id]                                                                     29  29(100.00%) |    495       0    6143      0 |    1.40        1.40
GET      /static                                                                           87  87(100.00%) |    118       0    5125      0 |    4.20        4.20
--------|----------------------------------------------------------------------------|-------|-------------|-------|-------|-------|-------|--------|-----------
         Aggregated                                                                       200 200(100.00%) |   1129       0   35517      1 |    9.50        9.50

Type     Name                                                                          # reqs      # fails |    Avg     Min     Max    Med |   req/s  failures/s
--------|----------------------------------------------------------------------------|-------|-------------|-------|-------|-------|-------|--------|-----------
GET      //                                                                                10  10(100.00%) |   7235    3066   35517   3100 |    0.00        0.00
GET      /catalogue                                                                        81  81(100.00%) |   1591       0   19396      1 |    3.30        3.30
POST     /checkout                                                                          6   6(100.00%) |      0       0       1      0 |    0.30        0.30
GET      /product/[id]                                                                     34  34(100.00%) |    422       0    6143      0 |    1.40        1.40
GET      /static                                                                          102 102(100.00%) |    101       0    5125      0 |    4.20        4.20
--------|----------------------------------------------------------------------------|-------|-------------|-------|-------|-------|-------|--------|-----------
         Aggregated                                                                       233 233(100.00%) |    969       0   35517      0 |    9.20        9.20

Type     Name                                                                          # reqs      # fails |    Avg     Min     Max    Med |   req/s  failures/s
--------|----------------------------------------------------------------------------|-------|-------------|-------|-------|-------|-------|--------|-----------
GET      //                                                                                10  10(100.00%) |   7235    3066   35517   3100 |    0.10        0.10
GET      /catalogue                                                                        85  85(100.00%) |   1516       0   19396      1 |    4.30        4.30
POST     /checkout                                                                          6   6(100.00%) |      0       0       1      0 |    0.30        0.30
GET      /product/[id]                                                                     37  37(100.00%) |    388       0    6143      0 |    1.90        1.90
GET      /static                                                                          111 111(100.00%) |     93       0    5125      0 |    5.70        5.70
--------|----------------------------------------------------------------------------|-------|-------------|-------|-------|-------|-------|--------|-----------
         Aggregated                                                                       249 249(100.00%) |    907       0   35517      0 |   12.30       12.30

Type     Name                                                                          # reqs      # fails |    Avg     Min     Max    Med |   req/s  failures/s
--------|----------------------------------------------------------------------------|-------|-------------|-------|-------|-------|-------|--------|-----------
GET      //                                                                                10  10(100.00%) |   7235    3066   35517   3100 |    0.10        0.10
GET      /catalogue                                                                        93  93(100.00%) |   1386       0   19396      1 |    4.00        4.00
POST     /checkout                                                                          6   6(100.00%) |      0       0       1      0 |    0.10        0.10
GET      /product/[id]                                                                     41  41(100.00%) |    350       0    6143      0 |    1.90        1.90
GET      /static                                                                          123 123(100.00%) |     83       0    5125      0 |    5.70        5.70
--------|----------------------------------------------------------------------------|-------|-------------|-------|-------|-------|-------|--------|-----------
         Aggregated                                                                       273 273(100.00%) |    827       0   35517      0 |   11.80       11.80

Type     Name                                                                          # reqs      # fails |    Avg     Min     Max    Med |   req/s  failures/s
--------|----------------------------------------------------------------------------|-------|-------------|-------|-------|-------|-------|--------|-----------
GET      //                                                                                10  10(100.00%) |   7235    3066   35517   3100 |    0.10        0.10
GET      /catalogue                                                                        99  99(100.00%) |   1302       0   19396      1 |    3.40        3.40
POST     /checkout                                                                          7   7(100.00%) |      0       0       1      0 |    0.10        0.10
GET      /product/[id]                                                                     44  44(100.00%) |    326       0    6143      0 |    1.60        1.60
GET      /static                                                                          132 132(100.00%) |     78       0    5125      0 |    4.80        4.80
--------|----------------------------------------------------------------------------|-------|-------------|-------|-------|-------|-------|--------|-----------
         Aggregated                                                                       292 292(100.00%) |    773       0   35517      0 |   10.00       10.00

Type     Name                                                                          # reqs      # fails |    Avg     Min     Max    Med |   req/s  failures/s
--------|----------------------------------------------------------------------------|-------|-------------|-------|-------|-------|-------|--------|-----------
GET      //                                                                                10  10(100.00%) |   7235    3066   35517   3100 |    0.10        0.10
GET      /catalogue                                                                       105 105(100.00%) |   1227       0   19396      1 |    3.80        3.80
POST     /checkout                                                                          7   7(100.00%) |      0       0       1      0 |    0.10        0.10
GET      /product/[id]                                                                     46  46(100.00%) |    312       0    6143      0 |    1.90        1.90
GET      /static                                                                          138 138(100.00%) |     74       0    5125      0 |    5.70        5.70
--------|----------------------------------------------------------------------------|-------|-------------|-------|-------|-------|-------|--------|-----------
         Aggregated                                                                       306 306(100.00%) |    738       0   35517      0 |   11.60       11.60

Type     Name                                                                          # reqs      # fails |    Avg     Min     Max    Med |   req/s  failures/s
--------|----------------------------------------------------------------------------|-------|-------------|-------|-------|-------|-------|--------|-----------
GET      //                                                                                10  10(100.00%) |   7235    3066   35517   3100 |    0.10        0.10
GET      /catalogue                                                                       119 119(100.00%) |   1083       0   19396      1 |    3.70        3.70
POST     /checkout                                                                          8   8(100.00%) |      0       0       1      0 |    0.10        0.10
GET      /product/[id]                                                                     51  51(100.00%) |    281       0    6143      0 |    1.80        1.80
GET      /static                                                                          153 153(100.00%) |     67       0    5125      0 |    5.40        5.40
--------|----------------------------------------------------------------------------|-------|-------------|-------|-------|-------|-------|--------|-----------
         Aggregated                                                                       341 341(100.00%) |    662       0   35517      0 |   11.10       11.10

Type     Name                                                                          # reqs      # fails |    Avg     Min     Max    Med |   req/s  failures/s
--------|----------------------------------------------------------------------------|-------|-------------|-------|-------|-------|-------|--------|-----------
GET      //                                                                                10  10(100.00%) |   7235    3066   35517   3100 |    0.00        0.00
GET      /catalogue                                                                       124 124(100.00%) |   1039       0   19396      1 |    2.70        2.70
POST     /checkout                                                                          9   9(100.00%) |      0       0       1      0 |    0.10        0.10
GET      /product/[id]                                                                     54  54(100.00%) |    266       0    6143      0 |    1.40        1.40
GET      /static                                                                          162 162(100.00%) |     63       0    5125      0 |    4.20        4.20
--------|----------------------------------------------------------------------------|-------|-------------|-------|-------|-------|-------|--------|-----------
         Aggregated                                                                       359 359(100.00%) |    629       0   35517      0 |    8.40        8.40

Type     Name                                                                          # reqs      # fails |    Avg     Min     Max    Med |   req/s  failures/s
--------|----------------------------------------------------------------------------|-------|-------------|-------|-------|-------|-------|--------|-----------
GET      //                                                                                10  10(100.00%) |   7235    3066   35517   3100 |    0.00        0.00
GET      /catalogue                                                                       140 140(100.00%) |    920       0   19396      1 |    4.00        4.00
POST     /checkout                                                                          9   9(100.00%) |      0       0       1      0 |    0.30        0.30
GET      /product/[id]                                                                     59  59(100.00%) |    243       0    6143      0 |    1.70        1.70
GET      /static                                                                          177 177(100.00%) |     58       0    5125      0 |    5.10        5.10
--------|----------------------------------------------------------------------------|-------|-------------|-------|-------|-------|-------|--------|-----------
         Aggregated                                                                       395 395(100.00%) |    572       0   35517      0 |   11.10       11.10

Type     Name                                                                          # reqs      # fails |    Avg     Min     Max    Med |   req/s  failures/s
--------|----------------------------------------------------------------------------|-------|-------------|-------|-------|-------|-------|--------|-----------
GET      //                                                                                10  10(100.00%) |   7235    3066   35517   3100 |    0.00        0.00
GET      /catalogue                                                                       149 149(100.00%) |    865       0   19396      1 |    4.30        4.30
POST     /checkout                                                                          9   9(100.00%) |      0       0       1      0 |    0.30        0.30
GET      /product/[id]                                                                     63  63(100.00%) |    228       0    6143      0 |    1.70        1.70
GET      /static                                                                          189 189(100.00%) |     54       0    5125      0 |    5.10        5.10
--------|----------------------------------------------------------------------------|-------|-------------|-------|-------|-------|-------|--------|-----------
         Aggregated                                                                       420 420(100.00%) |    538       0   35517      0 |   11.40       11.40

Type     Name                                                                          # reqs      # fails |    Avg     Min     Max    Med |   req/s  failures/s
--------|----------------------------------------------------------------------------|-------|-------------|-------|-------|-------|-------|--------|-----------
GET      //                                                                                10  10(100.00%) |   7235    3066   35517   3100 |    0.00        0.00
GET      /catalogue                                                                       155 155(100.00%) |    831       0   19396      1 |    5.00        5.00
POST     /checkout                                                                         11  11(100.00%) |      0       0       1      0 |    0.20        0.20
GET      /product/[id]                                                                     67  67(100.00%) |    214       0    6143      0 |    1.90        1.90
GET      /static                                                                          201 201(100.00%) |     51       0    5125      0 |    5.70        5.70
--------|----------------------------------------------------------------------------|-------|-------------|-------|-------|-------|-------|--------|-----------
         Aggregated                                                                       444 444(100.00%) |    509       0   35517      0 |   12.80       12.80

Type     Name                                                                          # reqs      # fails |    Avg     Min     Max    Med |   req/s  failures/s
--------|----------------------------------------------------------------------------|-------|-------------|-------|-------|-------|-------|--------|-----------
GET      //                                                                                10  10(100.00%) |   7235    3066   35517   3100 |    0.00        0.00
GET      /catalogue                                                                       158 158(100.00%) |    816       0   19396      1 |    5.00        5.00
POST     /checkout                                                                         11  11(100.00%) |      0       0       1      0 |    0.20        0.20
GET      /product/[id]                                                                     69  69(100.00%) |    208       0    6143      0 |    1.90        1.90
GET      /static                                                                          207 207(100.00%) |     50       0    5125      0 |    5.70        5.70
--------|----------------------------------------------------------------------------|-------|-------------|-------|-------|-------|-------|--------|-----------
         Aggregated                                                                       455 455(100.00%) |    496       0   35517      0 |   12.80       12.80

Type     Name                                                                          # reqs      # fails |    Avg     Min     Max    Med |   req/s  failures/s
--------|----------------------------------------------------------------------------|-------|-------------|-------|-------|-------|-------|--------|-----------
GET      //                                                                                10  10(100.00%) |   7235    3066   35517   3100 |    0.00        0.00
GET      /catalogue                                                                       164 164(100.00%) |    786       0   19396      1 |    5.10        5.10
POST     /checkout                                                                         11  11(100.00%) |      0       0       1      0 |    0.40        0.40
GET      /product/[id]                                                                     71  71(100.00%) |    202       0    6143      0 |    2.20        2.20
GET      /static                                                                          213 213(100.00%) |     48       0    5125      0 |    6.60        6.60
--------|----------------------------------------------------------------------------|-------|-------------|-------|-------|-------|-------|--------|-----------
         Aggregated                                                                       469 469(100.00%) |    482       0   35517      0 |   14.30       14.30

Type     Name                                                                          # reqs      # fails |    Avg     Min     Max    Med |   req/s  failures/s
--------|----------------------------------------------------------------------------|-------|-------------|-------|-------|-------|-------|--------|-----------
GET      //                                                                                10  10(100.00%) |   7235    3066   35517   3100 |    0.00        0.00
GET      /catalogue                                                                       175 175(100.00%) |    736       0   19396      1 |    4.00        4.00
POST     /checkout                                                                         12  12(100.00%) |      0       0       1      0 |    0.20        0.20
GET      /product/[id]                                                                     76  76(100.00%) |    189       0    6143      0 |    1.70        1.70
GET      /static                                                                          228 228(100.00%) |     45       0    5125      0 |    5.10        5.10
--------|----------------------------------------------------------------------------|-------|-------------|-------|-------|-------|-------|--------|-----------
         Aggregated                                                                       501 501(100.00%) |    451       0   35517      0 |   11.00       11.00

Type     Name                                                                          # reqs      # fails |    Avg     Min     Max    Med |   req/s  failures/s
--------|----------------------------------------------------------------------------|-------|-------------|-------|-------|-------|-------|--------|-----------
GET      //                                                                                10  10(100.00%) |   7235    3066   35517   3100 |    0.00        0.00
GET      /catalogue                                                                       179 179(100.00%) |    720       0   19396      1 |    3.90        3.90
POST     /checkout                                                                         12  12(100.00%) |      0       0       1      0 |    0.20        0.20
GET      /product/[id]                                                                     78  78(100.00%) |    184       0    6143      0 |    1.80        1.80
GET      /static                                                                          234 234(100.00%) |     44       0    5125      0 |    5.40        5.40
--------|----------------------------------------------------------------------------|-------|-------------|-------|-------|-------|-------|--------|-----------
         Aggregated                                                                       513 513(100.00%) |    440       0   35517      0 |   11.30       11.30

Type     Name                                                                          # reqs      # fails |    Avg     Min     Max    Med |   req/s  failures/s
--------|----------------------------------------------------------------------------|-------|-------------|-------|-------|-------|-------|--------|-----------
GET      //                                                                                10  10(100.00%) |   7235    3066   35517   3100 |    0.00        0.00
GET      /catalogue                                                                       185 185(100.00%) |    697       0   19396      1 |    2.80        2.80
POST     /checkout                                                                         13  13(100.00%) |      0       0       1      0 |    0.30        0.30
GET      /product/[id]                                                                     82  82(100.00%) |    175       0    6143      0 |    1.40        1.40
GET      /static                                                                          246 246(100.00%) |     42       0    5125      0 |    4.20        4.20
--------|----------------------------------------------------------------------------|-------|-------------|-------|-------|-------|-------|--------|-----------
         Aggregated                                                                       536 536(100.00%) |    421       0   35517      0 |    8.70        8.70

Type     Name                                                                          # reqs      # fails |    Avg     Min     Max    Med |   req/s  failures/s
--------|----------------------------------------------------------------------------|-------|-------------|-------|-------|-------|-------|--------|-----------
GET      //                                                                                10  10(100.00%) |   7235    3066   35517   3100 |    0.00        0.00
GET      /catalogue                                                                       192 192(100.00%) |    671       0   19396      1 |    3.00        3.00
POST     /checkout                                                                         14  14(100.00%) |      0       0       1      0 |    0.20        0.20
GET      /product/[id]                                                                     87  87(100.00%) |    165       0    6143      0 |    1.50        1.50
GET      /static                                                                          261 261(100.00%) |     39       0    5125      0 |    4.50        4.50
--------|----------------------------------------------------------------------------|-------|-------------|-------|-------|-------|-------|--------|-----------
         Aggregated                                                                       564 564(100.00%) |    400       0   35517      0 |    9.20        9.20

Type     Name                                                                          # reqs      # fails |    Avg     Min     Max    Med |   req/s  failures/s
--------|----------------------------------------------------------------------------|-------|-------------|-------|-------|-------|-------|--------|-----------
GET      //                                                                                10  10(100.00%) |   7235    3066   35517   3100 |    0.00        0.00
GET      /catalogue                                                                       193 193(100.00%) |    668       0   19396      1 |    3.00        3.00
POST     /checkout                                                                         14  14(100.00%) |      0       0       1      0 |    0.20        0.20
GET      /product/[id]                                                                     88  88(100.00%) |    163       0    6143      0 |    1.50        1.50
GET      /static                                                                          264 264(100.00%) |     39       0    5125      0 |    4.50        4.50
--------|----------------------------------------------------------------------------|-------|-------------|-------|-------|-------|-------|--------|-----------
         Aggregated                                                                       569 569(100.00%) |    397       0   35517      0 |    9.20        9.20

Type     Name                                                                          # reqs      # fails |    Avg     Min     Max    Med |   req/s  failures/s
--------|----------------------------------------------------------------------------|-------|-------------|-------|-------|-------|-------|--------|-----------
GET      //                                                                                10  10(100.00%) |   7235    3066   35517   3100 |    0.00        0.00
GET      /catalogue                                                                       199 199(100.00%) |    648       0   19396      1 |    3.40        3.40
POST     /checkout                                                                         14  14(100.00%) |      0       0       1      0 |    0.30        0.30
GET      /product/[id]                                                                     91  91(100.00%) |    158       0    6143      0 |    1.80        1.80
GET      /static                                                                          273 273(100.00%) |     38       0    5125      0 |    5.40        5.40
--------|----------------------------------------------------------------------------|-------|-------------|-------|-------|-------|-------|--------|-----------
         Aggregated                                                                       587 587(100.00%) |    385       0   35517      0 |   10.90       10.90

Type     Name                                                                          # reqs      # fails |    Avg     Min     Max    Med |   req/s  failures/s
--------|----------------------------------------------------------------------------|-------|-------------|-------|-------|-------|-------|--------|-----------
GET      //                                                                                10  10(100.00%) |   7235    3066   35517   3100 |    0.00        0.00
GET      /catalogue                                                                       213 213(100.00%) |    605       0   19396      1 |    2.70        2.70
POST     /checkout                                                                         14  14(100.00%) |      0       0       1      0 |    0.20        0.20
GET      /product/[id]                                                                     97  97(100.00%) |    148       0    6143      0 |    1.60        1.60
GET      /static                                                                          291 291(100.00%) |     35       0    5125      0 |    4.80        4.80
--------|----------------------------------------------------------------------------|-------|-------------|-------|-------|-------|-------|--------|-----------
         Aggregated                                                                       625 625(100.00%) |    361       0   35517      0 |    9.30        9.30

Type     Name                                                                          # reqs      # fails |    Avg     Min     Max    Med |   req/s  failures/s
--------|----------------------------------------------------------------------------|-------|-------------|-------|-------|-------|-------|--------|-----------
GET      //                                                                                10  10(100.00%) |   7235    3066   35517   3100 |    0.00        0.00
GET      /catalogue                                                                       224 224(100.00%) |    575       0   19396      1 |    2.60        2.60
POST     /checkout                                                                         14  14(100.00%) |      0       0       1      0 |    0.20        0.20
GET      /product/[id]                                                                    101 101(100.00%) |    142       0    6143      0 |    1.60        1.60
GET      /static                                                                          303 303(100.00%) |     34       0    5125      0 |    4.80        4.80
--------|----------------------------------------------------------------------------|-------|-------------|-------|-------|-------|-------|--------|-----------
         Aggregated                                                                       652 652(100.00%) |    346       0   35517      0 |    9.20        9.20

Type     Name                                                                          # reqs      # fails |    Avg     Min     Max    Med |   req/s  failures/s
--------|----------------------------------------------------------------------------|-------|-------------|-------|-------|-------|-------|--------|-----------
GET      //                                                                                10  10(100.00%) |   7235    3066   35517   3100 |    0.00        0.00
GET      /catalogue                                                                       235 235(100.00%) |    548       0   19396      1 |    3.90        3.90
POST     /checkout                                                                         15  15(100.00%) |      0       0       1      0 |    0.10        0.10
GET      /product/[id]                                                                    105 105(100.00%) |    137       0    6143      0 |    1.90        1.90
GET      /static                                                                          315 315(100.00%) |     33       0    5125      0 |    5.70        5.70
--------|----------------------------------------------------------------------------|-------|-------------|-------|-------|-------|-------|--------|-----------
         Aggregated                                                                       680 680(100.00%) |    332       0   35517      0 |   11.60       11.60

Type     Name                                                                          # reqs      # fails |    Avg     Min     Max    Med |   req/s  failures/s
--------|----------------------------------------------------------------------------|-------|-------------|-------|-------|-------|-------|--------|-----------
GET      //                                                                                10  10(100.00%) |   7235    3066   35517   3100 |    0.00        0.00
GET      /catalogue                                                                       242 242(100.00%) |    533       0   19396      1 |    4.20        4.20
POST     /checkout                                                                         15  15(100.00%) |      0       0       1      0 |    0.10        0.10
GET      /product/[id]                                                                    108 108(100.00%) |    133       0    6143      0 |    1.80        1.80
GET      /static                                                                          324 324(100.00%) |     32       0    5125      0 |    5.40        5.40
--------|----------------------------------------------------------------------------|-------|-------------|-------|-------|-------|-------|--------|-----------
         Aggregated                                                                       699 699(100.00%) |    323       0   35517      0 |   11.50       11.50

Type     Name                                                                          # reqs      # fails |    Avg     Min     Max    Med |   req/s  failures/s
--------|----------------------------------------------------------------------------|-------|-------------|-------|-------|-------|-------|--------|-----------
GET      //                                                                                10  10(100.00%) |   7235    3066   35517   3100 |    0.00        0.00
GET      /catalogue                                                                       246 246(100.00%) |    524       0   19396      1 |    4.20        4.20
POST     /checkout                                                                         15  15(100.00%) |      0       0       1      0 |    0.10        0.10
GET      /product/[id]                                                                    110 110(100.00%) |    130       0    6143      0 |    1.70        1.70
GET      /static                                                                          330 330(100.00%) |     31       0    5125      0 |    5.10        5.10
--------|----------------------------------------------------------------------------|-------|-------------|-------|-------|-------|-------|--------|-----------
         Aggregated                                                                       711 711(100.00%) |    318       0   35517      0 |   11.10       11.10

Type     Name                                                                          # reqs      # fails |    Avg     Min     Max    Med |   req/s  failures/s
--------|----------------------------------------------------------------------------|-------|-------------|-------|-------|-------|-------|--------|-----------
GET      //                                                                                10  10(100.00%) |   7235    3066   35517   3100 |    0.00        0.00
GET      /catalogue                                                                       263 263(100.00%) |    490       0   19396      1 |    4.70        4.70
POST     /checkout                                                                         15  15(100.00%) |      0       0       1      0 |    0.10        0.10
GET      /product/[id]                                                                    118 118(100.00%) |    122       0    6143      0 |    1.90        1.90
GET      /static                                                                          354 354(100.00%) |     29       0    5125      0 |    5.70        5.70
--------|----------------------------------------------------------------------------|-------|-------------|-------|-------|-------|-------|--------|-----------
         Aggregated                                                                       760 760(100.00%) |    297       0   35517      0 |   12.40       12.40

Type     Name                                                                          # reqs      # fails |    Avg     Min     Max    Med |   req/s  failures/s
--------|----------------------------------------------------------------------------|-------|-------------|-------|-------|-------|-------|--------|-----------
GET      //                                                                                10  10(100.00%) |   7235    3066   35517   3100 |    0.00        0.00
GET      /catalogue                                                                       267 267(100.00%) |    483       0   19396      1 |    5.30        5.30
POST     /checkout                                                                         16  16(100.00%) |      0       0       1      0 |    0.10        0.10
GET      /product/[id]                                                                    120 120(100.00%) |    120       0    6143      0 |    2.10        2.10
GET      /static                                                                          360 360(100.00%) |     29       0    5125      0 |    6.30        6.30
--------|----------------------------------------------------------------------------|-------|-------------|-------|-------|-------|-------|--------|-----------
         Aggregated                                                                       773 773(100.00%) |    292       0   35517      0 |   13.80       13.80

Type     Name                                                                          # reqs      # fails |    Avg     Min     Max    Med |   req/s  failures/s
--------|----------------------------------------------------------------------------|-------|-------------|-------|-------|-------|-------|--------|-----------
GET      //                                                                                10  10(100.00%) |   7235    3066   35517   3100 |    0.00        0.00
GET      /catalogue                                                                       279 279(100.00%) |    462       0   19396      1 |    4.30        4.30
POST     /checkout                                                                         16  16(100.00%) |      0       0       1      0 |    0.10        0.10
GET      /product/[id]                                                                    123 123(100.00%) |    117       0    6143      0 |    1.90        1.90
GET      /static                                                                          369 369(100.00%) |     28       0    5125      0 |    5.70        5.70
--------|----------------------------------------------------------------------------|-------|-------------|-------|-------|-------|-------|--------|-----------
         Aggregated                                                                       797 797(100.00%) |    283       0   35517      0 |   12.00       12.00

Type     Name                                                                          # reqs      # fails |    Avg     Min     Max    Med |   req/s  failures/s
--------|----------------------------------------------------------------------------|-------|-------------|-------|-------|-------|-------|--------|-----------
GET      //                                                                                10  10(100.00%) |   7235    3066   35517   3100 |    0.00        0.00
GET      /catalogue                                                                       291 291(100.00%) |    443       0   19396      1 |    3.80        3.80
POST     /checkout                                                                         17  17(100.00%) |      0       0       1      0 |    0.10        0.10
GET      /product/[id]                                                                    128 128(100.00%) |    112       0    6143      0 |    1.80        1.80
GET      /static                                                                          384 384(100.00%) |     27       0    5125      0 |    5.40        5.40
--------|----------------------------------------------------------------------------|-------|-------------|-------|-------|-------|-------|--------|-----------
         Aggregated                                                                       830 830(100.00%) |    272       0   35517      0 |   11.10       11.10

Type     Name                                                                          # reqs      # fails |    Avg     Min     Max    Med |   req/s  failures/s
--------|----------------------------------------------------------------------------|-------|-------------|-------|-------|-------|-------|--------|-----------
GET      //                                                                                10  10(100.00%) |   7235    3066   35517   3100 |    0.00        0.00
GET      /catalogue                                                                       306 306(100.00%) |    421       0   19396      1 |    4.90        4.90
POST     /checkout                                                                         18  18(100.00%) |      0       0       1      0 |    0.20        0.20
GET      /product/[id]                                                                    134 134(100.00%) |    107       0    6143      0 |    2.00        2.00
GET      /static                                                                          402 402(100.00%) |     26       0    5125      0 |    6.00        6.00
--------|----------------------------------------------------------------------------|-------|-------------|-------|-------|-------|-------|--------|-----------
         Aggregated                                                                       870 870(100.00%) |    260       0   35517      0 |   13.10       13.10

Type     Name                                                                          # reqs      # fails |    Avg     Min     Max    Med |   req/s  failures/s
--------|----------------------------------------------------------------------------|-------|-------------|-------|-------|-------|-------|--------|-----------
GET      //                                                                                10  10(100.00%) |   7235    3066   35517   3100 |    0.00        0.00
GET      /catalogue                                                                       320 320(100.00%) |    403       0   19396      1 |    5.80        5.80
POST     /checkout                                                                         18  18(100.00%) |      0       0       1      0 |    0.20        0.20
GET      /product/[id]                                                                    139 139(100.00%) |    103       0    6143      0 |    2.30        2.30
GET      /static                                                                          417 417(100.00%) |     25       0    5125      0 |    6.90        6.90
--------|----------------------------------------------------------------------------|-------|-------------|-------|-------|-------|-------|--------|-----------
         Aggregated                                                                       904 904(100.00%) |    250       0   35517      0 |   15.20       15.20

Type     Name                                                                          # reqs      # fails |    Avg     Min     Max    Med |   req/s  failures/s
--------|----------------------------------------------------------------------------|-------|-------------|-------|-------|-------|-------|--------|-----------
GET      //                                                                                10  10(100.00%) |   7235    3066   35517   3100 |    0.00        0.00
GET      /catalogue                                                                       326 326(100.00%) |    395       0   19396      1 |    6.00        6.00
POST     /checkout                                                                         19  19(100.00%) |      0       0       1      0 |    0.30        0.30
GET      /product/[id]                                                                    142 142(100.00%) |    101       0    6143      0 |    2.20        2.20
GET      /static                                                                          426 426(100.00%) |     24       0    5125      0 |    6.60        6.60
--------|----------------------------------------------------------------------------|-------|-------------|-------|-------|-------|-------|--------|-----------
         Aggregated                                                                       923 923(100.00%) |    245       0   35517      0 |   15.10       15.10

Type     Name                                                                          # reqs      # fails |    Avg     Min     Max    Med |   req/s  failures/s
--------|----------------------------------------------------------------------------|-------|-------------|-------|-------|-------|-------|--------|-----------
GET      //                                                                                10  10(100.00%) |   7235    3066   35517   3100 |    0.00        0.00
GET      /catalogue                                                                       329 329(100.00%) |    392       0   19396      1 |    5.60        5.60
POST     /checkout                                                                         19  19(100.00%) |      0       0       1      0 |    0.30        0.30
GET      /product/[id]                                                                    144 144(100.00%) |    100       0    6143      0 |    2.10        2.10
GET      /static                                                                          432 432(100.00%) |     24       0    5125      0 |    6.30        6.30
--------|----------------------------------------------------------------------------|-------|-------------|-------|-------|-------|-------|--------|-----------
         Aggregated                                                                       934 934(100.00%) |    242       0   35517      0 |   14.30       14.30

Type     Name                                                                          # reqs      # fails |    Avg     Min     Max    Med |   req/s  failures/s
--------|----------------------------------------------------------------------------|-------|-------------|-------|-------|-------|-------|--------|-----------
GET      //                                                                                10  10(100.00%) |   7235    3066   35517   3100 |    0.00        0.00
GET      /catalogue                                                                       336 336(100.00%) |    384       0   19396      1 |    5.70        5.70
POST     /checkout                                                                         19  19(100.00%) |      0       0       1      0 |    0.30        0.30
GET      /product/[id]                                                                    147 147(100.00%) |     98       0    6143      0 |    2.10        2.10
GET      /static                                                                          441 441(100.00%) |     23       0    5125      0 |    6.30        6.30
--------|----------------------------------------------------------------------------|-------|-------------|-------|-------|-------|-------|--------|-----------
         Aggregated                                                                       953 953(100.00%) |    237       0   35517      0 |   14.40       14.40

Type     Name                                                                          # reqs      # fails |    Avg     Min     Max    Med |   req/s  failures/s
--------|----------------------------------------------------------------------------|-------|-------------|-------|-------|-------|-------|--------|-----------
GET      //                                                                                10  10(100.00%) |   7235    3066   35517   3100 |    0.00        0.00
GET      /catalogue                                                                       357 357(100.00%) |    361       0   19396      1 |    4.50        4.50
POST     /checkout                                                                         21  21(100.00%) |      0       0       1      0 |    0.20        0.20
GET      /product/[id]                                                                    153 153(100.00%) |     94       0    6143      0 |    1.90        1.90
GET      /static                                                                          459 459(100.00%) |     22       0    5125      0 |    5.70        5.70
--------|----------------------------------------------------------------------------|-------|-------------|-------|-------|-------|-------|--------|-----------
         Aggregated                                                                      1000 1000(100.00%) |    226       0   35517      0 |   12.30       12.30

Type     Name                                                                          # reqs      # fails |    Avg     Min     Max    Med |   req/s  failures/s
--------|----------------------------------------------------------------------------|-------|-------------|-------|-------|-------|-------|--------|-----------
GET      //                                                                                10  10(100.00%) |   7235    3066   35517   3100 |    0.00        0.00
GET      /catalogue                                                                       364 364(100.00%) |    354       0   19396      1 |    3.40        3.40
POST     /checkout                                                                         22  22(100.00%) |      0       0       1      0 |    0.20        0.20
GET      /product/[id]                                                                    157 157(100.00%) |     91       0    6143      0 |    1.50        1.50
GET      /static                                                                          471 471(100.00%) |     22       0    5125      0 |    4.50        4.50
--------|----------------------------------------------------------------------------|-------|-------------|-------|-------|-------|-------|--------|-----------
         Aggregated                                                                      1024 1024(100.00%) |    221       0   35517      0 |    9.60        9.60

Type     Name                                                                          # reqs      # fails |    Avg     Min     Max    Med |   req/s  failures/s
--------|----------------------------------------------------------------------------|-------|-------------|-------|-------|-------|-------|--------|-----------
GET      //                                                                                10  10(100.00%) |   7235    3066   35517   3100 |    0.00        0.00
GET      /catalogue                                                                       368 368(100.00%) |    350       0   19396      1 |    5.10        5.10
POST     /checkout                                                                         22  22(100.00%) |      0       0       1      0 |    0.30        0.30
GET      /product/[id]                                                                    159 159(100.00%) |     90       0    6143      0 |    1.90        1.90
GET      /static                                                                          477 477(100.00%) |     22       0    5125      0 |    5.70        5.70
--------|----------------------------------------------------------------------------|-------|-------------|-------|-------|-------|-------|--------|-----------
         Aggregated                                                                      1036 1036(100.00%) |    218       0   35517      0 |   13.00       13.00

Type     Name                                                                          # reqs      # fails |    Avg     Min     Max    Med |   req/s  failures/s
--------|----------------------------------------------------------------------------|-------|-------------|-------|-------|-------|-------|--------|-----------
GET      //                                                                                10  10(100.00%) |   7235    3066   35517   3100 |    0.00        0.00
GET      /catalogue                                                                       373 373(100.00%) |    346       0   19396      1 |    4.50        4.50
POST     /checkout                                                                         22  22(100.00%) |      0       0       1      0 |    0.30        0.30
GET      /product/[id]                                                                    163 163(100.00%) |     88       0    6143      0 |    1.80        1.80
GET      /static                                                                          489 489(100.00%) |     21       0    5125      0 |    5.40        5.40
--------|----------------------------------------------------------------------------|-------|-------------|-------|-------|-------|-------|--------|-----------
         Aggregated                                                                      1057 1057(100.00%) |    214       0   35517      0 |   12.00       12.00

Type     Name                                                                          # reqs      # fails |    Avg     Min     Max    Med |   req/s  failures/s
--------|----------------------------------------------------------------------------|-------|-------------|-------|-------|-------|-------|--------|-----------
GET      //                                                                                10  10(100.00%) |   7235    3066   35517   3100 |    0.00        0.00
GET      /catalogue                                                                       385 385(100.00%) |    335       0   19396      1 |    4.20        4.20
POST     /checkout                                                                         22  22(100.00%) |      0       0       1      0 |    0.30        0.30
GET      /product/[id]                                                                    167 167(100.00%) |     86       0    6143      0 |    1.80        1.80
GET      /static                                                                          501 501(100.00%) |     21       0    5125      0 |    5.40        5.40
--------|----------------------------------------------------------------------------|-------|-------------|-------|-------|-------|-------|--------|-----------
         Aggregated                                                                      1085 1085(100.00%) |    208       0   35517      0 |   11.70       11.70

Type     Name                                                                          # reqs      # fails |    Avg     Min     Max    Med |   req/s  failures/s
--------|----------------------------------------------------------------------------|-------|-------------|-------|-------|-------|-------|--------|-----------
GET      //                                                                                10  10(100.00%) |   7235    3066   35517   3100 |    0.00        0.00
GET      /catalogue                                                                       395 395(100.00%) |    326       0   19396      1 |    4.00        4.00
POST     /checkout                                                                         23  23(100.00%) |      0       0       1      0 |    0.30        0.30
GET      /product/[id]                                                                    171 171(100.00%) |     84       0    6143      0 |    1.70        1.70
GET      /static                                                                          513 513(100.00%) |     20       0    5125      0 |    5.10        5.10
--------|----------------------------------------------------------------------------|-------|-------------|-------|-------|-------|-------|--------|-----------
         Aggregated                                                                      1112 1112(100.00%) |    203       0   35517      0 |   11.10       11.10

Type     Name                                                                          # reqs      # fails |    Avg     Min     Max    Med |   req/s  failures/s
--------|----------------------------------------------------------------------------|-------|-------------|-------|-------|-------|-------|--------|-----------
GET      //                                                                                10  10(100.00%) |   7235    3066   35517   3100 |    0.00        0.00
GET      /catalogue                                                                       408 408(100.00%) |    316       0   19396      1 |    5.40        5.40
POST     /checkout                                                                         25  25(100.00%) |      0       0       1      0 |    0.40        0.40
GET      /product/[id]                                                                    176 176(100.00%) |     82       0    6143      0 |    2.10        2.10
GET      /static                                                                          528 528(100.00%) |     19       0    5125      0 |    6.30        6.30
--------|----------------------------------------------------------------------------|-------|-------------|-------|-------|-------|-------|--------|-----------
         Aggregated                                                                      1147 1147(100.00%) |    197       0   35517      0 |   14.20       14.20

Type     Name                                                                          # reqs      # fails |    Avg     Min     Max    Med |   req/s  failures/s
--------|----------------------------------------------------------------------------|-------|-------------|-------|-------|-------|-------|--------|-----------
GET      //                                                                                10  10(100.00%) |   7235    3066   35517   3100 |    0.00        0.00
GET      /catalogue                                                                       412 412(100.00%) |    313       0   19396      1 |    3.60        3.60
POST     /checkout                                                                         25  25(100.00%) |      0       0       1      0 |    0.30        0.30
GET      /product/[id]                                                                    179 179(100.00%) |     80       0    6143      0 |    1.80        1.80
GET      /static                                                                          537 537(100.00%) |     19       0    5125      0 |    5.40        5.40
--------|----------------------------------------------------------------------------|-------|-------------|-------|-------|-------|-------|--------|-----------
         Aggregated                                                                      1163 1163(100.00%) |    194       0   35517      0 |   11.10       11.10

Type     Name                                                                          # reqs      # fails |    Avg     Min     Max    Med |   req/s  failures/s
--------|----------------------------------------------------------------------------|-------|-------------|-------|-------|-------|-------|--------|-----------
GET      //                                                                                10  10(100.00%) |   7235    3066   35517   3100 |    0.00        0.00
GET      /catalogue                                                                       422 422(100.00%) |    306       0   19396      1 |    4.20        4.20
POST     /checkout                                                                         26  26(100.00%) |      0       0       1      0 |    0.30        0.30
GET      /product/[id]                                                                    182 182(100.00%) |     79       0    6143      0 |    1.90        1.90
GET      /static                                                                          546 546(100.00%) |     19       0    5125      0 |    5.70        5.70
--------|----------------------------------------------------------------------------|-------|-------------|-------|-------|-------|-------|--------|-----------
         Aggregated                                                                      1186 1186(100.00%) |    191       0   35517      0 |   12.10       12.10

[2026-08-11 04:54:35,594] 5b87649da1ab/INFO/locust.main: --run-time limit reached, shutting down
[2026-08-11 04:54:35,611] 5b87649da1ab/INFO/locust.main: Shutting down (exit code 1)
Type     Name                                                                          # reqs      # fails |    Avg     Min     Max    Med |   req/s  failures/s
--------|----------------------------------------------------------------------------|-------|-------------|-------|-------|-------|-------|--------|-----------
GET      //                                                                                10  10(100.00%) |   7235    3066   35517   3100 |    0.08        0.08
GET      /catalogue                                                                       433 433(100.00%) |    298       0   19396      1 |    3.61        3.61
POST     /checkout                                                                         26  26(100.00%) |      0       0       1      0 |    0.22        0.22
GET      /product/[id]                                                                    186 186(100.00%) |     77       0    6143      0 |    1.55        1.55
GET      /static                                                                          558 558(100.00%) |     18       0    5125      0 |    4.66        4.66
--------|----------------------------------------------------------------------------|-------|-------------|-------|-------|-------|-------|--------|-----------
         Aggregated                                                                      1213 1213(100.00%) |    186       0   35517      0 |   10.13       10.13

Response time percentiles (approximated)
Type     Name                                                                                  50%    66%    75%    80%    90%    95%    98%    99%  99.9% 99.99%   100% # reqs
--------|--------------------------------------------------------------------------------|--------|------|------|------|------|------|------|------|------|------|------|------
GET      //                                                                                   3100   6100   6100   6100  36000  36000  36000  36000  36000  36000  36000     10
GET      /catalogue                                                                              1      1      1      1      2      2   6100   6100  19000  19000  19000    433
POST     /checkout                                                                               0      1      1      1      1      1      1      1      1      1      1     26
GET      /product/[id]                                                                           0      1      1      1      1      1      3   6100   6100   6100   6100    186
GET      /static                                                                                 0      0      1      1      1      1      2      3   5100   5100   5100    558
--------|--------------------------------------------------------------------------------|--------|------|------|------|------|------|------|------|------|------|------|------
         Aggregated                                                                              0      1      1      1      1      2   3100   6100  19000  36000  36000   1213

Error report
# occurrences      Error                                                                                               
------------------|---------------------------------------------------------------------------------------------------------------------------------------------
9                  GET //: OSError(113, 'No route to host')                                                            
10                 GET /catalogue: OSError(113, 'No route to host')                                                    
2                  GET /product/[id]: OSError(113, 'No route to host')                                                 
558                GET /static: ConnectionRefusedError(111, 'Connection refused')                                      
423                GET /catalogue: ConnectionRefusedError(111, 'Connection refused')                                   
184                GET /product/[id]: ConnectionRefusedError(111, 'Connection refused')                                
26                 POST /checkout: ConnectionRefusedError(111, 'Connection refused')                                   
1                  GET //: ConnectionRefusedError(111, 'Connection refused')                                           
------------------|---------------------------------------------------------------------------------------------------------------------------------------------

