[2026-08-11 04:55:36,000] 5b87649da1ab/INFO/locust.main: Starting Locust 2.46.3
[2026-08-11 04:55:36,064] 5b87649da1ab/INFO/locust.main: Run time limit set to 60 seconds
Type     Name                                                                          # reqs      # fails |    Avg     Min     Max    Med |   req/s  failures/s
--------|----------------------------------------------------------------------------|-------|-------------|-------|-------|-------|-------|--------|-----------
--------|----------------------------------------------------------------------------|-------|-------------|-------|-------|-------|-------|--------|-----------
         Aggregated                                                                         0     0(0.00%) |      0       0       0      0 |    0.00        0.00

[2026-08-11 04:55:36,080] 5b87649da1ab/INFO/locust.runners: Ramping to 10 users at a rate of 10.00 per second
[2026-08-11 04:55:36,084] 5b87649da1ab/INFO/locust.runners: All users spawned: {"Shopper": 10} (10 total users)
Type     Name                                                                          # reqs      # fails |    Avg     Min     Max    Med |   req/s  failures/s
--------|----------------------------------------------------------------------------|-------|-------------|-------|-------|-------|-------|--------|-----------
GET      //                                                                                10  10(100.00%) |      8       2      19      5 |    0.00        0.00
GET      /catalogue                                                                        26  26(100.00%) |      4       1      12      4 |    0.00        0.00
GET      /product/[id]                                                                     10  10(100.00%) |      3       1       5      3 |    0.00        0.00
GET      /static                                                                           30  30(100.00%) |      2       0       5      2 |    0.00        0.00
--------|----------------------------------------------------------------------------|-------|-------------|-------|-------|-------|-------|--------|-----------
         Aggregated                                                                        76  76(100.00%) |      4       0      19      3 |    0.00        0.00

Type     Name                                                                          # reqs      # fails |    Avg     Min     Max    Med |   req/s  failures/s
--------|----------------------------------------------------------------------------|-------|-------------|-------|-------|-------|-------|--------|-----------
GET      //                                                                                10  10(100.00%) |      8       2      19      5 |   10.00       10.00
GET      /catalogue                                                                        29  29(100.00%) |      4       1      12      4 |   26.00       26.00
POST     /checkout                                                                          1   1(100.00%) |      0       0       0      0 |    0.00        0.00
GET      /product/[id]                                                                     12  12(100.00%) |      2       0       5      3 |   10.00       10.00
GET      /static                                                                           36  36(100.00%) |      2       0       5      2 |   30.00       30.00
--------|----------------------------------------------------------------------------|-------|-------------|-------|-------|-------|-------|--------|-----------
         Aggregated                                                                        88  88(100.00%) |      3       0      19      3 |   76.00       76.00

Type     Name                                                                          # reqs      # fails |    Avg     Min     Max    Med |   req/s  failures/s
--------|----------------------------------------------------------------------------|-------|-------------|-------|-------|-------|-------|--------|-----------
GET      //                                                                                10  10(100.00%) |      8       2      19      5 |    5.00        5.00
GET      /catalogue                                                                        33  33(100.00%) |      4       1      12      3 |   13.00       13.00
POST     /checkout                                                                          1   1(100.00%) |      0       0       0      0 |    0.00        0.00
GET      /product/[id]                                                                     14  14(100.00%) |      2       0       5      2 |    5.00        5.00
GET      /static                                                                           42  42(100.00%) |      1       0       5      2 |   15.00       15.00
--------|----------------------------------------------------------------------------|-------|-------------|-------|-------|-------|-------|--------|-----------
         Aggregated                                                                       100 100(100.00%) |      3       0      19      2 |   38.00       38.00

Type     Name                                                                          # reqs      # fails |    Avg     Min     Max    Med |   req/s  failures/s
--------|----------------------------------------------------------------------------|-------|-------------|-------|-------|-------|-------|--------|-----------
GET      //                                                                                10  10(100.00%) |      8       2      19      5 |    1.67        1.67
GET      /catalogue                                                                        43  43(100.00%) |      3       0      12      2 |    5.50        5.50
POST     /checkout                                                                          3   3(100.00%) |      0       0       0      0 |    0.17        0.17
GET      /product/[id]                                                                     18  18(100.00%) |      2       0       5      1 |    2.33        2.33
GET      /static                                                                           54  54(100.00%) |      1       0       5      1 |    7.00        7.00
--------|----------------------------------------------------------------------------|-------|-------------|-------|-------|-------|-------|--------|-----------
         Aggregated                                                                       128 128(100.00%) |      2       0      19      2 |   16.67       16.67

Type     Name                                                                          # reqs      # fails |    Avg     Min     Max    Med |   req/s  failures/s
--------|----------------------------------------------------------------------------|-------|-------------|-------|-------|-------|-------|--------|-----------
GET      //                                                                                10  10(100.00%) |      8       2      19      5 |    1.67        1.67
GET      /catalogue                                                                        47  47(100.00%) |      3       0      12      2 |    5.50        5.50
POST     /checkout                                                                          3   3(100.00%) |      0       0       0      0 |    0.17        0.17
GET      /product/[id]                                                                     20  20(100.00%) |      1       0       5      1 |    2.33        2.33
GET      /static                                                                           60  60(100.00%) |      1       0       5      1 |    7.00        7.00
--------|----------------------------------------------------------------------------|-------|-------------|-------|-------|-------|-------|--------|-----------
         Aggregated                                                                       140 140(100.00%) |      2       0      19      2 |   16.67       16.67

Type     Name                                                                          # reqs      # fails |    Avg     Min     Max    Med |   req/s  failures/s
--------|----------------------------------------------------------------------------|-------|-------------|-------|-------|-------|-------|--------|-----------
GET      //                                                                                10  10(100.00%) |      8       2      19      5 |    1.00        1.00
GET      /catalogue                                                                        55  55(100.00%) |      3       0      12      2 |    4.70        4.70
POST     /checkout                                                                          3   3(100.00%) |      0       0       0      0 |    0.30        0.30
GET      /product/[id]                                                                     24  24(100.00%) |      1       0       5      1 |    2.00        2.00
GET      /static                                                                           72  72(100.00%) |      1       0       5      1 |    6.00        6.00
--------|----------------------------------------------------------------------------|-------|-------------|-------|-------|-------|-------|--------|-----------
         Aggregated                                                                       164 164(100.00%) |      2       0      19      1 |   14.00       14.00

Type     Name                                                                          # reqs      # fails |    Avg     Min     Max    Med |   req/s  failures/s
--------|----------------------------------------------------------------------------|-------|-------------|-------|-------|-------|-------|--------|-----------
GET      //                                                                                10  10(100.00%) |      8       2      19      5 |    0.00        0.00
GET      /catalogue                                                                        68  68(100.00%) |      2       0      12      2 |    2.60        2.60
POST     /checkout                                                                          5   5(100.00%) |      0       0       0      0 |    0.30        0.30
GET      /product/[id]                                                                     31  31(100.00%) |      1       0       5      1 |    1.30        1.30
GET      /static                                                                           93  93(100.00%) |      1       0       5      1 |    3.90        3.90
--------|----------------------------------------------------------------------------|-------|-------------|-------|-------|-------|-------|--------|-----------
         Aggregated                                                                       207 207(100.00%) |      2       0      19      1 |    8.10        8.10

Type     Name                                                                          # reqs      # fails |    Avg     Min     Max    Med |   req/s  failures/s
--------|----------------------------------------------------------------------------|-------|-------------|-------|-------|-------|-------|--------|-----------
GET      //                                                                                10  10(100.00%) |      8       2      19      5 |    0.00        0.00
GET      /catalogue                                                                        75  75(100.00%) |      2       0      12      1 |    3.60        3.60
POST     /checkout                                                                          5   5(100.00%) |      0       0       0      0 |    0.40        0.40
GET      /product/[id]                                                                     33  33(100.00%) |      1       0       5      1 |    1.80        1.80
GET      /static                                                                           99  99(100.00%) |      1       0       5      1 |    5.40        5.40
--------|----------------------------------------------------------------------------|-------|-------------|-------|-------|-------|-------|--------|-----------
         Aggregated                                                                       222 222(100.00%) |      1       0      19      1 |   11.20       11.20

Type     Name                                                                          # reqs      # fails |    Avg     Min     Max    Med |   req/s  failures/s
--------|----------------------------------------------------------------------------|-------|-------------|-------|-------|-------|-------|--------|-----------
GET      //                                                                                10  10(100.00%) |      8       2      19      5 |    0.00        0.00
GET      /catalogue                                                                        84  84(100.00%) |      2       0      12      1 |    3.70        3.70
POST     /checkout                                                                          6   6(100.00%) |      0       0       0      0 |    0.40        0.40
GET      /product/[id]                                                                     37  37(100.00%) |      1       0       5      1 |    1.80        1.80
GET      /static                                                                          111 111(100.00%) |      1       0       5      1 |    5.40        5.40
--------|----------------------------------------------------------------------------|-------|-------------|-------|-------|-------|-------|--------|-----------
         Aggregated                                                                       248 248(100.00%) |      1       0      19      1 |   11.30       11.30

Type     Name                                                                          # reqs      # fails |    Avg     Min     Max    Med |   req/s  failures/s
--------|----------------------------------------------------------------------------|-------|-------------|-------|-------|-------|-------|--------|-----------
GET      //                                                                                10  10(100.00%) |      8       2      19      5 |    0.00        0.00
GET      /catalogue                                                                        92  92(100.00%) |      2       0      12      1 |    4.60        4.60
POST     /checkout                                                                          6   6(100.00%) |      0       0       0      0 |    0.30        0.30
GET      /product/[id]                                                                     41  41(100.00%) |      1       0       5      1 |    2.00        2.00
GET      /static                                                                          123 123(100.00%) |      1       0       5      1 |    6.00        6.00
--------|----------------------------------------------------------------------------|-------|-------------|-------|-------|-------|-------|--------|-----------
         Aggregated                                                                       272 272(100.00%) |      1       0      19      1 |   12.90       12.90

Type     Name                                                                          # reqs      # fails |    Avg     Min     Max    Med |   req/s  failures/s
--------|----------------------------------------------------------------------------|-------|-------------|-------|-------|-------|-------|--------|-----------
GET      //                                                                                10  10(100.00%) |      8       2      19      5 |    0.00        0.00
GET      /catalogue                                                                       101 101(100.00%) |      2       0      12      1 |    4.20        4.20
POST     /checkout                                                                          7   7(100.00%) |      0       0       0      0 |    0.30        0.30
GET      /product/[id]                                                                     45  45(100.00%) |      1       0       5      1 |    2.00        2.00
GET      /static                                                                          135 135(100.00%) |      0       0       5      1 |    6.00        6.00
--------|----------------------------------------------------------------------------|-------|-------------|-------|-------|-------|-------|--------|-----------
         Aggregated                                                                       298 298(100.00%) |      1       0      19      1 |   12.50       12.50

Type     Name                                                                          # reqs      # fails |    Avg     Min     Max    Med |   req/s  failures/s
--------|----------------------------------------------------------------------------|-------|-------------|-------|-------|-------|-------|--------|-----------
GET      //                                                                                10  10(100.00%) |      8       2      19      5 |    0.00        0.00
GET      /catalogue                                                                       112 112(100.00%) |      1       0      12      1 |    4.40        4.40
POST     /checkout                                                                          7   7(100.00%) |      0       0       0      0 |    0.40        0.40
GET      /product/[id]                                                                     50  50(100.00%) |      1       0       5      1 |    2.10        2.10
GET      /static                                                                          150 150(100.00%) |      0       0       5      1 |    6.30        6.30
--------|----------------------------------------------------------------------------|-------|-------------|-------|-------|-------|-------|--------|-----------
         Aggregated                                                                       329 329(100.00%) |      1       0      19      1 |   13.20       13.20

Type     Name                                                                          # reqs      # fails |    Avg     Min     Max    Med |   req/s  failures/s
--------|----------------------------------------------------------------------------|-------|-------------|-------|-------|-------|-------|--------|-----------
GET      //                                                                                10  10(100.00%) |      8       2      19      5 |    0.00        0.00
GET      /catalogue                                                                       121 121(100.00%) |      1       0      12      1 |    4.50        4.50
POST     /checkout                                                                          7   7(100.00%) |      0       0       0      0 |    0.20        0.20
GET      /product/[id]                                                                     53  53(100.00%) |      1       0       5      1 |    1.90        1.90
GET      /static                                                                          159 159(100.00%) |      0       0       5      1 |    5.70        5.70
--------|----------------------------------------------------------------------------|-------|-------------|-------|-------|-------|-------|--------|-----------
         Aggregated                                                                       350 350(100.00%) |      1       0      19      1 |   12.30       12.30

Type     Name                                                                          # reqs      # fails |    Avg     Min     Max    Med |   req/s  failures/s
--------|----------------------------------------------------------------------------|-------|-------------|-------|-------|-------|-------|--------|-----------
GET      //                                                                                10  10(100.00%) |      8       2      19      5 |    0.00        0.00
GET      /catalogue                                                                       127 127(100.00%) |      1       0      12      1 |    4.50        4.50
POST     /checkout                                                                          8   8(100.00%) |      0       0       0      0 |    0.20        0.20
GET      /product/[id]                                                                     55  55(100.00%) |      1       0       5      1 |    1.90        1.90
GET      /static                                                                          165 165(100.00%) |      0       0       5      1 |    5.70        5.70
--------|----------------------------------------------------------------------------|-------|-------------|-------|-------|-------|-------|--------|-----------
         Aggregated                                                                       365 365(100.00%) |      1       0      19      1 |   12.30       12.30

Type     Name                                                                          # reqs      # fails |    Avg     Min     Max    Med |   req/s  failures/s
--------|----------------------------------------------------------------------------|-------|-------------|-------|-------|-------|-------|--------|-----------
GET      //                                                                                10  10(100.00%) |      8       2      19      5 |    0.00        0.00
GET      /catalogue                                                                       145 145(100.00%) |      1       0      12      1 |    4.20        4.20
POST     /checkout                                                                          8   8(100.00%) |      0       0       0      0 |    0.10        0.10
GET      /product/[id]                                                                     61  61(100.00%) |      1       0       5      1 |    1.70        1.70
GET      /static                                                                          183 183(100.00%) |      0       0       5      0 |    5.10        5.10
--------|----------------------------------------------------------------------------|-------|-------------|-------|-------|-------|-------|--------|-----------
         Aggregated                                                                       407 407(100.00%) |      1       0      19      1 |   11.10       11.10

Type     Name                                                                          # reqs      # fails |    Avg     Min     Max    Med |   req/s  failures/s
--------|----------------------------------------------------------------------------|-------|-------------|-------|-------|-------|-------|--------|-----------
GET      //                                                                                10  10(100.00%) |      8       2      19      5 |    0.00        0.00
GET      /catalogue                                                                       154 154(100.00%) |      1       0      12      1 |    4.90        4.90
POST     /checkout                                                                          8   8(100.00%) |      0       0       0      0 |    0.20        0.20
GET      /product/[id]                                                                     64  64(100.00%) |      1       0       5      1 |    2.00        2.00
GET      /static                                                                          192 192(100.00%) |      0       0       5      0 |    6.00        6.00
--------|----------------------------------------------------------------------------|-------|-------------|-------|-------|-------|-------|--------|-----------
         Aggregated                                                                       428 428(100.00%) |      1       0      19      1 |   13.10       13.10

Type     Name                                                                          # reqs      # fails |    Avg     Min     Max    Med |   req/s  failures/s
--------|----------------------------------------------------------------------------|-------|-------------|-------|-------|-------|-------|--------|-----------
GET      //                                                                                10  10(100.00%) |      8       2      19      5 |    0.00        0.00
GET      /catalogue                                                                       164 164(100.00%) |      1       0      12      1 |    5.80        5.80
POST     /checkout                                                                          8   8(100.00%) |      0       0       0      0 |    0.10        0.10
GET      /product/[id]                                                                     69  69(100.00%) |      1       0       5      1 |    2.00        2.00
GET      /static                                                                          207 207(100.00%) |      0       0       5      0 |    6.00        6.00
--------|----------------------------------------------------------------------------|-------|-------------|-------|-------|-------|-------|--------|-----------
         Aggregated                                                                       458 458(100.00%) |      1       0      19      1 |   13.90       13.90

Type     Name                                                                          # reqs      # fails |    Avg     Min     Max    Med |   req/s  failures/s
--------|----------------------------------------------------------------------------|-------|-------------|-------|-------|-------|-------|--------|-----------
GET      //                                                                                10  10(100.00%) |      8       2      19      5 |    0.00        0.00
GET      /catalogue                                                                       173 173(100.00%) |      1       0      12      1 |    5.10        5.10
POST     /checkout                                                                         10  10(100.00%) |      0       0       0      0 |    0.10        0.10
GET      /product/[id]                                                                     73  73(100.00%) |      1       0       5      1 |    1.80        1.80
GET      /static                                                                          219 219(100.00%) |      0       0       5      1 |    5.40        5.40
--------|----------------------------------------------------------------------------|-------|-------------|-------|-------|-------|-------|--------|-----------
         Aggregated                                                                       485 485(100.00%) |      1       0      19      1 |   12.40       12.40

Type     Name                                                                          # reqs      # fails |    Avg     Min     Max    Med |   req/s  failures/s
--------|----------------------------------------------------------------------------|-------|-------------|-------|-------|-------|-------|--------|-----------
GET      //                                                                                10  10(100.00%) |      8       2      19      5 |    0.00        0.00
GET      /catalogue                                                                       182 182(100.00%) |      1       0      62      1 |    5.40        5.40
POST     /checkout                                                                         10  10(100.00%) |      0       0       0      0 |    0.30        0.30
GET      /product/[id]                                                                     79  79(100.00%) |      1       0       5      1 |    2.10        2.10
GET      /static                                                                          237 237(100.00%) |      0       0       5      0 |    6.30        6.30
--------|----------------------------------------------------------------------------|-------|-------------|-------|-------|-------|-------|--------|-----------
         Aggregated                                                                       518 518(100.00%) |      1       0      62      1 |   14.10       14.10

Type     Name                                                                          # reqs      # fails |    Avg     Min     Max    Med |   req/s  failures/s
--------|----------------------------------------------------------------------------|-------|-------------|-------|-------|-------|-------|--------|-----------
GET      //                                                                                10  10(100.00%) |      8       2      19      5 |    0.00        0.00
GET      /catalogue                                                                       191 191(100.00%) |      1       0      62      1 |    5.00        5.00
POST     /checkout                                                                         10  10(100.00%) |      0       0       0      0 |    0.30        0.30
GET      /product/[id]                                                                     83  83(100.00%) |      1       0       5      1 |    2.10        2.10
GET      /static                                                                          249 249(100.00%) |      0       0       5      0 |    6.30        6.30
--------|----------------------------------------------------------------------------|-------|-------------|-------|-------|-------|-------|--------|-----------
         Aggregated                                                                       543 543(100.00%) |      1       0      62      1 |   13.70       13.70

Type     Name                                                                          # reqs      # fails |    Avg     Min     Max    Med |   req/s  failures/s
--------|----------------------------------------------------------------------------|-------|-------------|-------|-------|-------|-------|--------|-----------
GET      //                                                                                10  10(100.00%) |      8       2      19      5 |    0.00        0.00
GET      /catalogue                                                                       200 200(100.00%) |      1       0      62      1 |    5.00        5.00
POST     /checkout                                                                         10  10(100.00%) |      0       0       0      0 |    0.20        0.20
GET      /product/[id]                                                                     86  86(100.00%) |      0       0       5      1 |    2.30        2.30
GET      /static                                                                          258 258(100.00%) |      0       0       5      0 |    6.90        6.90
--------|----------------------------------------------------------------------------|-------|-------------|-------|-------|-------|-------|--------|-----------
         Aggregated                                                                       564 564(100.00%) |      1       0      62      1 |   14.40       14.40

Type     Name                                                                          # reqs      # fails |    Avg     Min     Max    Med |   req/s  failures/s
--------|----------------------------------------------------------------------------|-------|-------------|-------|-------|-------|-------|--------|-----------
GET      //                                                                                10  10(100.00%) |      8       2      19      5 |    0.00        0.00
GET      /catalogue                                                                       211 211(100.00%) |      1       0      62      1 |    4.10        4.10
POST     /checkout                                                                         12  12(100.00%) |      0       0       0      0 |    0.20        0.20
GET      /product/[id]                                                                     91  91(100.00%) |      0       0       5      1 |    2.10        2.10
GET      /static                                                                          273 273(100.00%) |      0       0       5      0 |    6.30        6.30
--------|----------------------------------------------------------------------------|-------|-------------|-------|-------|-------|-------|--------|-----------
         Aggregated                                                                       597 597(100.00%) |      1       0      62      1 |   12.70       12.70

Type     Name                                                                          # reqs      # fails |    Avg     Min     Max    Med |   req/s  failures/s
--------|----------------------------------------------------------------------------|-------|-------------|-------|-------|-------|-------|--------|-----------
GET      //                                                                                10  10(100.00%) |      8       2      19      5 |    0.00        0.00
GET      /catalogue                                                                       221 221(100.00%) |      1       0      62      1 |    5.00        5.00
POST     /checkout                                                                         15  15(100.00%) |      0       0       0      0 |    0.40        0.40
GET      /product/[id]                                                                     95  95(100.00%) |      0       0       5      1 |    2.40        2.40
GET      /static                                                                          285 285(100.00%) |      0       0       5      0 |    7.20        7.20
--------|----------------------------------------------------------------------------|-------|-------------|-------|-------|-------|-------|--------|-----------
         Aggregated                                                                       626 626(100.00%) |      1       0      62      1 |   15.00       15.00

Type     Name                                                                          # reqs      # fails |    Avg     Min     Max    Med |   req/s  failures/s
--------|----------------------------------------------------------------------------|-------|-------------|-------|-------|-------|-------|--------|-----------
GET      //                                                                                10  10(100.00%) |      8       2      19      5 |    0.00        0.00
GET      /catalogue                                                                       226 226(100.00%) |      1       0      62      1 |    4.50        4.50
POST     /checkout                                                                         15  15(100.00%) |      0       0       0      0 |    0.40        0.40
GET      /product/[id]                                                                     97  97(100.00%) |      0       0       5      1 |    2.10        2.10
GET      /static                                                                          291 291(100.00%) |      0       0       5      0 |    6.30        6.30
--------|----------------------------------------------------------------------------|-------|-------------|-------|-------|-------|-------|--------|-----------
         Aggregated                                                                       639 639(100.00%) |      1       0      62      1 |   13.30       13.30

Type     Name                                                                          # reqs      # fails |    Avg     Min     Max    Med |   req/s  failures/s
--------|----------------------------------------------------------------------------|-------|-------------|-------|-------|-------|-------|--------|-----------
GET      //                                                                                10  10(100.00%) |      8       2      19      5 |    0.00        0.00
GET      /catalogue                                                                       236 236(100.00%) |      1       0      62      1 |    5.00        5.00
POST     /checkout                                                                         15  15(100.00%) |      0       0       0      0 |    0.50        0.50
GET      /product/[id]                                                                    102 102(100.00%) |      0       0       5      1 |    2.20        2.20
GET      /static                                                                          306 306(100.00%) |      0       0       5      0 |    6.60        6.60
--------|----------------------------------------------------------------------------|-------|-------------|-------|-------|-------|-------|--------|-----------
         Aggregated                                                                       669 669(100.00%) |      1       0      62      1 |   14.30       14.30

Type     Name                                                                          # reqs      # fails |    Avg     Min     Max    Med |   req/s  failures/s
--------|----------------------------------------------------------------------------|-------|-------------|-------|-------|-------|-------|--------|-----------
GET      //                                                                                10  10(100.00%) |      8       2      19      5 |    0.00        0.00
GET      /catalogue                                                                       236 236(100.00%) |      1       0      62      1 |    5.00        5.00
POST     /checkout                                                                         15  15(100.00%) |      0       0       0      0 |    0.50        0.50
GET      /product/[id]                                                                    102 102(100.00%) |      0       0       5      1 |    2.20        2.20
GET      /static                                                                          306 306(100.00%) |      0       0       5      0 |    6.60        6.60
--------|----------------------------------------------------------------------------|-------|-------------|-------|-------|-------|-------|--------|-----------
         Aggregated                                                                       669 669(100.00%) |      1       0      62      1 |   14.30       14.30

Type     Name                                                                          # reqs      # fails |    Avg     Min     Max    Med |   req/s  failures/s
--------|----------------------------------------------------------------------------|-------|-------------|-------|-------|-------|-------|--------|-----------
GET      //                                                                                10  10(100.00%) |      8       2      19      5 |    0.00        0.00
GET      /catalogue                                                                       250 250(100.00%) |      1       0      62      1 |    4.10        4.10
POST     /checkout                                                                         17  17(100.00%) |      0       0       0      0 |    0.50        0.50
GET      /product/[id]                                                                    107 107(100.00%) |      0       0       5      1 |    1.70        1.70
GET      /static                                                                          321 321(100.00%) |      0       0       5      0 |    5.10        5.10
--------|----------------------------------------------------------------------------|-------|-------------|-------|-------|-------|-------|--------|-----------
         Aggregated                                                                       705 705(100.00%) |      1       0      62      1 |   11.40       11.40

Type     Name                                                                          # reqs      # fails |    Avg     Min     Max    Med |   req/s  failures/s
--------|----------------------------------------------------------------------------|-------|-------------|-------|-------|-------|-------|--------|-----------
GET      //                                                                                10  10(100.00%) |      8       2      19      5 |    0.00        0.00
GET      /catalogue                                                                       255 255(100.00%) |      1       0      62      1 |    3.50        3.50
POST     /checkout                                                                         17  17(100.00%) |      0       0       0      0 |    0.50        0.50
GET      /product/[id]                                                                    109 109(100.00%) |      0       0       5      1 |    1.50        1.50
GET      /static                                                                          327 327(100.00%) |      0       0       5      0 |    4.50        4.50
--------|----------------------------------------------------------------------------|-------|-------------|-------|-------|-------|-------|--------|-----------
         Aggregated                                                                       718 718(100.00%) |      1       0      62      1 |   10.00       10.00

Type     Name                                                                          # reqs      # fails |    Avg     Min     Max    Med |   req/s  failures/s
--------|----------------------------------------------------------------------------|-------|-------------|-------|-------|-------|-------|--------|-----------
GET      //                                                                                10  10(100.00%) |      8       2      19      5 |    0.00        0.00
GET      /catalogue                                                                       263 263(100.00%) |      1       0      62      1 |    3.40        3.40
POST     /checkout                                                                         17  17(100.00%) |      0       0       0      0 |    0.20        0.20
GET      /product/[id]                                                                    114 114(100.00%) |      0       0       5      1 |    1.40        1.40
GET      /static                                                                          342 342(100.00%) |      0       0       5      0 |    4.20        4.20
--------|----------------------------------------------------------------------------|-------|-------------|-------|-------|-------|-------|--------|-----------
         Aggregated                                                                       746 746(100.00%) |      1       0      62      1 |    9.20        9.20

[2026-08-11 04:56:35,909] 5b87649da1ab/INFO/locust.main: --run-time limit reached, shutting down
[2026-08-11 04:56:35,920] 5b87649da1ab/INFO/locust.main: Shutting down (exit code 1)
Type     Name                                                                          # reqs      # fails |    Avg     Min     Max    Med |   req/s  failures/s
--------|----------------------------------------------------------------------------|-------|-------------|-------|-------|-------|-------|--------|-----------
GET      //                                                                                10  10(100.00%) |      8       2      19      5 |    0.17        0.17
GET      /catalogue                                                                       269 269(100.00%) |      1       0      62      1 |    4.50        4.50
POST     /checkout                                                                         17  17(100.00%) |      0       0       0      0 |    0.28        0.28
GET      /product/[id]                                                                    116 116(100.00%) |      0       0       5      1 |    1.94        1.94
GET      /static                                                                          348 348(100.00%) |      0       0       5      0 |    5.83        5.83
--------|----------------------------------------------------------------------------|-------|-------------|-------|-------|-------|-------|--------|-----------
         Aggregated                                                                       760 760(100.00%) |      1       0      62      1 |   12.72       12.72

Response time percentiles (approximated)
Type     Name                                                                                  50%    66%    75%    80%    90%    95%    98%    99%  99.9% 99.99%   100% # reqs
--------|--------------------------------------------------------------------------------|--------|------|------|------|------|------|------|------|------|------|------|------
GET      //                                                                                     12     13     13     14     19     19     19     19     19     19     19     10
GET      /catalogue                                                                              1      1      2      2      2      4     10     12     63     63     63    269
POST     /checkout                                                                               0      1      1      1      1      1      1      1      1      1      1     17
GET      /product/[id]                                                                           1      1      1      1      2      3      4      5      5      5      5    116
GET      /static                                                                                 0      1      1      1      1      2      4      4      5      5      5    348
--------|--------------------------------------------------------------------------------|--------|------|------|------|------|------|------|------|------|------|------|------
         Aggregated                                                                              1      1      1      1      2      3      5     12     63     63     63    760

Error report
# occurrences      Error                                                                                               
------------------|---------------------------------------------------------------------------------------------------------------------------------------------
10                 GET //: ConnectionRefusedError(111, 'Connection refused')                                           
269                GET /catalogue: ConnectionRefusedError(111, 'Connection refused')                                   
116                GET /product/[id]: ConnectionRefusedError(111, 'Connection refused')                                
348                GET /static: ConnectionRefusedError(111, 'Connection refused')                                      
17                 POST /checkout: ConnectionRefusedError(111, 'Connection refused')                                   
------------------|---------------------------------------------------------------------------------------------------------------------------------------------

