2026-07-29T02:55:57.792Z RUN_START target=http://10.0.3.10/
2026-07-29T02:55:57.795Z PHASE_START baseline duration=120s users=10 spawn_rate=10
2026-07-29T02:57:57.992Z PHASE_END baseline
2026-07-29T02:57:57.996Z PHASE_START surge duration=60s users=100 spawn_rate=10
2026-07-29T02:58:58.164Z PHASE_END surge
2026-07-29T02:58:58.168Z PHASE_START cooldown duration=60s users=10 spawn_rate=10
2026-07-29T02:59:58.291Z PHASE_END cooldown
2026-07-29T02:59:58.293Z RUN_END
2026-07-29T03:29:27.031Z RUN_START target=http://10.0.3.10/
2026-07-29T03:29:27.033Z PHASE_START baseline duration=120s users=10 spawn_rate=10
2026-07-29T03:31:27.204Z PHASE_END baseline
2026-07-29T03:31:27.207Z PHASE_START surge duration=60s users=100 spawn_rate=10
2026-07-29T03:32:27.356Z PHASE_END surge
2026-07-29T03:32:27.358Z PHASE_START cooldown duration=60s users=10 spawn_rate=10
2026-07-29T03:33:27.490Z PHASE_END cooldown
2026-07-29T03:33:27.492Z RUN_END
2026-07-29T03:47:50.070Z RUN_START target=http://10.0.3.10/
2026-07-29T03:47:50.073Z PHASE_START baseline duration=120s users=10 spawn_rate=10
2026-07-29T03:49:50.231Z PHASE_END baseline
2026-07-29T03:49:50.235Z PHASE_START surge duration=60s users=100 spawn_rate=10
2026-07-29T03:49:50.441Z PHASE_END surge
2026-07-29T03:49:50.448Z PHASE_START cooldown duration=60s users=10 spawn_rate=10
2026-07-29T03:50:50.596Z PHASE_END cooldown
2026-07-29T03:50:50.598Z RUN_END
2026-07-29T04:10:18.982Z RUN_START target=http://10.0.3.10/
2026-07-29T04:10:18.985Z PHASE_START baseline duration=120s users=10 spawn_rate=10
2026-07-29T04:12:19.182Z PHASE_END baseline
2026-07-29T04:12:19.185Z PHASE_START surge duration=60s users=100 spawn_rate=10
2026-07-29T04:12:19.384Z PHASE_END surge
2026-07-29T04:12:19.386Z PHASE_START cooldown duration=60s users=10 spawn_rate=10
2026-07-29T04:13:19.511Z PHASE_END cooldown
2026-07-29T04:13:19.514Z RUN_END
2026-07-29T04:19:12.403Z RUN_START target=http://10.0.3.10/
2026-07-29T04:19:12.405Z PHASE_START baseline duration=120s users=10 spawn_rate=10
2026-07-29T04:21:12.535Z PHASE_END baseline
2026-07-29T04:21:12.539Z PHASE_START surge duration=60s users=100 spawn_rate=10
2026-07-29T04:22:12.709Z PHASE_END surge
2026-07-29T04:22:12.711Z PHASE_START cooldown duration=60s users=10 spawn_rate=10
2026-07-29T04:23:12.848Z PHASE_END cooldown
2026-07-29T04:23:12.850Z RUN_END
2026-07-29T15:52:23.157Z RUN_START target=http://10.0.3.10/
2026-07-29T15:52:23.160Z PHASE_START baseline duration=120s users=10 spawn_rate=10
2026-07-29T15:54:23.378Z PHASE_END baseline
2026-07-29T15:54:23.380Z PHASE_START surge duration=60s users=100 spawn_rate=10
2026-07-29T15:55:23.503Z PHASE_END surge
2026-07-29T15:55:23.505Z PHASE_START cooldown duration=60s users=10 spawn_rate=10
2026-07-29T15:56:23.632Z PHASE_END cooldown
2026-07-29T15:56:23.636Z RUN_END
2026-08-10T12:40:32.934Z RUN_START target=http://10.0.3.10/
2026-08-10T12:40:32.938Z PHASE_START baseline duration=120s users=10 spawn_rate=10
2026-08-10T12:42:33.099Z PHASE_END baseline
2026-08-10T12:42:33.101Z PHASE_START surge duration=60s users=100 spawn_rate=10
2026-08-10T12:43:33.259Z PHASE_END surge
2026-08-10T12:43:33.261Z PHASE_START cooldown duration=60s users=10 spawn_rate=10
2026-08-10T12:44:33.380Z PHASE_END cooldown
2026-08-10T12:44:33.383Z RUN_END
2026-08-11T01:29:24.878Z RUN_START target=http://10.0.3.10/
2026-08-11T01:29:24.880Z PHASE_START baseline duration=120s users=10 spawn_rate=10
2026-08-11T01:31:25.097Z PHASE_END baseline
2026-08-11T01:31:25.105Z PHASE_START surge duration=60s users=100 spawn_rate=10
2026-08-11T01:32:25.295Z PHASE_END surge
2026-08-11T01:32:25.297Z PHASE_START cooldown duration=60s users=10 spawn_rate=10
2026-08-11T01:33:25.414Z PHASE_END cooldown
2026-08-11T01:33:25.416Z RUN_END
2026-08-11T01:38:43.012Z RUN_START target=http://10.0.3.10/
2026-08-11T01:38:43.014Z PHASE_START baseline duration=120s users=10 spawn_rate=10
2026-08-11T01:40:43.188Z PHASE_END baseline
2026-08-11T01:40:43.191Z PHASE_START surge duration=60s users=100 spawn_rate=10
2026-08-11T01:41:43.411Z PHASE_END surge
2026-08-11T01:41:43.413Z PHASE_START cooldown duration=60s users=10 spawn_rate=10
2026-08-11T01:42:43.547Z PHASE_END cooldown
2026-08-11T01:42:43.549Z RUN_END
2026-08-11T01:59:58.037Z RUN_START target=http://10.0.3.10/
2026-08-11T01:59:58.049Z PHASE_START baseline duration=120s users=10 spawn_rate=10
2026-08-11T02:01:58.253Z PHASE_END baseline
2026-08-11T02:01:58.286Z PHASE_START surge duration=60s users=100 spawn_rate=10
2026-08-11T02:02:58.482Z PHASE_END surge
2026-08-11T02:02:58.484Z PHASE_START cooldown duration=60s users=10 spawn_rate=10
2026-08-11T02:03:58.604Z PHASE_END cooldown
2026-08-11T02:03:58.606Z RUN_END
2026-08-11T03:06:13.406Z RUN_START target=http://10.0.3.10/
2026-08-11T03:06:13.409Z PHASE_START baseline duration=120s users=10 spawn_rate=10
2026-08-11T03:08:13.620Z PHASE_END baseline
2026-08-11T03:08:13.627Z PHASE_START surge duration=60s users=100 spawn_rate=10
2026-08-11T03:09:13.758Z PHASE_END surge
2026-08-11T03:09:13.760Z PHASE_START cooldown duration=60s users=10 spawn_rate=10
2026-08-11T03:10:13.896Z PHASE_END cooldown
2026-08-11T03:10:13.898Z RUN_END
2026-08-11T04:03:15.162Z RUN_START target=http://10.0.3.10/
2026-08-11T04:03:15.165Z PHASE_START baseline duration=120s users=10 spawn_rate=10
2026-08-11T04:05:15.489Z PHASE_END baseline
2026-08-11T04:05:15.491Z PHASE_START surge duration=60s users=100 spawn_rate=10
2026-08-11T04:06:15.628Z PHASE_END surge
2026-08-11T04:06:15.630Z PHASE_START cooldown duration=60s users=10 spawn_rate=10
2026-08-11T04:07:15.764Z PHASE_END cooldown
2026-08-11T04:07:15.766Z RUN_END
2026-08-11T04:30:07.511Z RUN_START target=http://10.0.3.10/
2026-08-11T04:30:07.513Z PHASE_START baseline duration=120s users=10 spawn_rate=10
2026-08-11T04:32:07.710Z PHASE_END baseline
2026-08-11T04:32:07.712Z PHASE_START surge duration=60s users=100 spawn_rate=10
2026-08-11T04:33:07.852Z PHASE_END surge
2026-08-11T04:33:07.865Z PHASE_START cooldown duration=60s users=10 spawn_rate=10
2026-08-11T04:34:08.073Z PHASE_END cooldown
2026-08-11T04:34:08.109Z RUN_END
2026-08-11T04:52:35.461Z RUN_START target=http://10.0.3.10/
2026-08-11T04:52:35.463Z PHASE_START baseline duration=120s users=10 spawn_rate=10
2026-08-11T04:54:35.660Z PHASE_END baseline
2026-08-11T04:54:35.670Z PHASE_START surge duration=60s users=100 spawn_rate=10
2026-08-11T04:55:35.840Z PHASE_END surge
2026-08-11T04:55:35.842Z PHASE_START cooldown duration=60s users=10 spawn_rate=10
2026-08-11T04:56:35.964Z PHASE_END cooldown
2026-08-11T04:56:35.966Z RUN_END
